[    0.000000] Linux version 4.15.0-128-generic (buildd@lcy01-amd64-025) (gcc version 7.5.0 (Ubuntu 7.5.0-3ubuntu1~18.04)) #131-Ubuntu SMP Wed Dec 9 06:57:35 UTC 2020 (Ubuntu 4.15.0-128.131-generic 4.15.18)
[    0.000000] Command line: BOOT_IMAGE=/boot/vmlinuz-4.15.0-128-generic root=UUID=14169865-3153-4713-8df9-211727602ff8 ro console=tty1 console=ttyS0
[    0.000000] KERNEL supported cpus:
[    0.000000]   Intel GenuineIntel
[    0.000000]   AMD AuthenticAMD
[    0.000000]   Centaur CentaurHauls
[    0.000000] x86/fpu: Supporting XSAVE feature 0x001: 'x87 floating point registers'
[    0.000000] x86/fpu: Supporting XSAVE feature 0x002: 'SSE registers'
[    0.000000] x86/fpu: Supporting XSAVE feature 0x004: 'AVX registers'
[    0.000000] x86/fpu: xstate_offset[2]:  576, xstate_sizes[2]:  256
[    0.000000] x86/fpu: Enabled xstate features 0x7, context size is 832 bytes, using 'standard' format.
[    0.000000] e820: BIOS-provided physical RAM map:
[    0.000000] BIOS-e820: [mem 0x0000000000000000-0x000000000009fbff] usable
[    0.000000] BIOS-e820: [mem 0x000000000009fc00-0x000000000009ffff] reserved
[    0.000000] BIOS-e820: [mem 0x00000000000f0000-0x00000000000fffff] reserved
[    0.000000] BIOS-e820: [mem 0x0000000000100000-0x000000001ffeffff] usable
[    0.000000] BIOS-e820: [mem 0x000000001fff0000-0x000000001fffffff] ACPI data
[    0.000000] BIOS-e820: [mem 0x00000000fec00000-0x00000000fec00fff] reserved
[    0.000000] BIOS-e820: [mem 0x00000000fee00000-0x00000000fee00fff] reserved
[    0.000000] BIOS-e820: [mem 0x00000000fffc0000-0x00000000ffffffff] reserved
[    0.000000] NX (Execute Disable) protection: active
[    0.000000] SMBIOS 2.5 present.
[    0.000000] DMI: innotek GmbH VirtualBox/VirtualBox, BIOS VirtualBox 12/01/2006
[    0.000000] Hypervisor detected: KVM
[    0.000000] e820: last_pfn = 0x1fff0 max_arch_pfn = 0x400000000
[    0.000000] MTRR: Disabled
[    0.000000] x86/PAT: MTRRs disabled, skipping PAT initialization too.
[    0.000000] CPU MTRRs all blank - virtualized system.
[    0.000000] x86/PAT: Configuration [0-7]: WB  WT  UC- UC  WB  WT  UC- UC  
[    0.000000] found SMP MP-table at [mem 0x0009fff0-0x0009ffff]
[    0.000000] Scanning 1 areas for low memory corruption
[    0.000000] RAMDISK: [mem 0x1daa1000-0x1edeafff]
[    0.000000] ACPI: Early table checksum verification disabled
[    0.000000] ACPI: RSDP 0x00000000000E0000 000024 (v02 VBOX  )
[    0.000000] ACPI: XSDT 0x000000001FFF0030 00003C (v01 VBOX   VBOXXSDT 00000001 ASL  00000061)
[    0.000000] ACPI: FACP 0x000000001FFF00F0 0000F4 (v04 VBOX   VBOXFACP 00000001 ASL  00000061)
[    0.000000] ACPI: DSDT 0x000000001FFF0470 0022EA (v02 VBOX   VBOXBIOS 00000002 INTL 20100528)
[    0.000000] ACPI: FACS 0x000000001FFF0200 000040
[    0.000000] ACPI: FACS 0x000000001FFF0200 000040
[    0.000000] ACPI: APIC 0x000000001FFF0240 000054 (v02 VBOX   VBOXAPIC 00000001 ASL  00000061)
[    0.000000] ACPI: SSDT 0x000000001FFF02A0 0001CC (v01 VBOX   VBOXCPUT 00000002 INTL 20100528)
[    0.000000] No NUMA configuration found
[    0.000000] Faking a node at [mem 0x0000000000000000-0x000000001ffeffff]
[    0.000000] NODE_DATA(0) allocated [mem 0x1ffc5000-0x1ffeffff]
[    0.000000] kvm-clock: cpu 0, msr 0:1ff44001, primary cpu clock
[    0.000000] kvm-clock: Using msrs 4b564d01 and 4b564d00
[    0.000000] kvm-clock: using sched offset of 5029334262 cycles
[    0.000000] clocksource: kvm-clock: mask: 0xffffffffffffffff max_cycles: 0x1cd42e4dffb, max_idle_ns: 881590591483 ns
[    0.000000] Zone ranges:
[    0.000000]   DMA      [mem 0x0000000000001000-0x0000000000ffffff]
[    0.000000]   DMA32    [mem 0x0000000001000000-0x000000001ffeffff]
[    0.000000]   Normal   empty
[    0.000000]   Device   empty
[    0.000000] Movable zone start for each node
[    0.000000] Early memory node ranges
[    0.000000]   node   0: [mem 0x0000000000001000-0x000000000009efff]
[    0.000000]   node   0: [mem 0x0000000000100000-0x000000001ffeffff]
[    0.000000] Reserved but unavailable: 98 pages
[    0.000000] Initmem setup node 0 [mem 0x0000000000001000-0x000000001ffeffff]
[    0.000000] ACPI: PM-Timer IO Port: 0x4008
[    0.000000] IOAPIC[0]: apic_id 1, version 32, address 0xfec00000, GSI 0-23
[    0.000000] ACPI: INT_SRC_OVR (bus 0 bus_irq 0 global_irq 2 dfl dfl)
[    0.000000] ACPI: INT_SRC_OVR (bus 0 bus_irq 9 global_irq 9 low level)
[    0.000000] Using ACPI (MADT) for SMP configuration information
[    0.000000] smpboot: Allowing 1 CPUs, 0 hotplug CPUs
[    0.000000] PM: Registered nosave memory: [mem 0x00000000-0x00000fff]
[    0.000000] PM: Registered nosave memory: [mem 0x0009f000-0x0009ffff]
[    0.000000] PM: Registered nosave memory: [mem 0x000a0000-0x000effff]
[    0.000000] PM: Registered nosave memory: [mem 0x000f0000-0x000fffff]
[    0.000000] e820: [mem 0x20000000-0xfebfffff] available for PCI devices
[    0.000000] Booting paravirtualized kernel on KVM
[    0.000000] clocksource: refined-jiffies: mask: 0xffffffff max_cycles: 0xffffffff, max_idle_ns: 7645519600211568 ns
[    0.000000] random: get_random_bytes called from start_kernel+0x99/0x500 with crng_init=0
[    0.000000] setup_percpu: NR_CPUS:8192 nr_cpumask_bits:1 nr_cpu_ids:1 nr_node_ids:1
[    0.000000] percpu: Embedded 45 pages/cpu s147456 r8192 d28672 u2097152
[    0.000000] PV qspinlock hash table entries: 256 (order: 0, 4096 bytes)
[    0.000000] Built 1 zonelists, mobility grouping on.  Total pages: 128889
[    0.000000] Policy zone: DMA32
[    0.000000] Kernel command line: BOOT_IMAGE=/boot/vmlinuz-4.15.0-128-generic root=UUID=14169865-3153-4713-8df9-211727602ff8 ro console=tty1 console=ttyS0
[    0.000000] Memory: 466568K/523832K available (12300K kernel code, 2492K rwdata, 4264K rodata, 2440K init, 2724K bss, 57264K reserved, 0K cma-reserved)
[    0.000000] SLUB: HWalign=64, Order=0-3, MinObjects=0, CPUs=1, Nodes=1
[    0.000000] Kernel/User page tables isolation: enabled
[    0.000000] ftrace: allocating 39406 entries in 154 pages
[    0.004000] Hierarchical RCU implementation.
[    0.004000] 	RCU restricting CPUs from NR_CPUS=8192 to nr_cpu_ids=1.
[    0.004000] 	Tasks RCU enabled.
[    0.004000] RCU: Adjusting geometry for rcu_fanout_leaf=16, nr_cpu_ids=1
[    0.004000] NR_IRQS: 524544, nr_irqs: 256, preallocated irqs: 16
[    0.004000] Console: colour VGA+ 80x25
[    0.004000] console [tty1] enabled
[    0.004000] console [ttyS0] enabled
[    0.004000] ACPI: Core revision 20170831
[    0.004000] ACPI: 2 ACPI AML tables successfully acquired and loaded
[    0.004000] APIC: Switch to symmetric I/O mode setup
[    0.004000] x2apic enabled
[    0.004000] Switched APIC routing to physical x2apic.
[    0.007308] ..TIMER: vector=0x30 apic1=0 pin1=2 apic2=-1 pin2=-1
[    0.008003] tsc: Detected 3398.036 MHz processor
[    0.009122] Calibrating delay loop (skipped) preset value.. 6796.07 BogoMIPS (lpj=13592144)
[    0.009945] pid_max: default: 32768 minimum: 301
[    0.012066] Security Framework initialized
[    0.013070] Yama: becoming mindful.
[    0.013977] AppArmor: AppArmor initialized
[    0.016150] Dentry cache hash table entries: 65536 (order: 7, 524288 bytes)
[    0.017805] Inode-cache hash table entries: 32768 (order: 6, 262144 bytes)
[    0.020016] Mount-cache hash table entries: 1024 (order: 1, 8192 bytes)
[    0.021514] Mountpoint-cache hash table entries: 1024 (order: 1, 8192 bytes)
[    0.023626] process: using mwait in idle threads
[    0.024010] Last level iTLB entries: 4KB 1024, 2MB 1024, 4MB 1024
[    0.025425] Last level dTLB entries: 4KB 1024, 2MB 1024, 4MB 1024, 1GB 4
[    0.026918] Spectre V1 : Mitigation: usercopy/swapgs barriers and __user pointer sanitization
[    0.028003] Spectre V2 : Mitigation: Full generic retpoline
[    0.029280] Spectre V2 : Spectre v2 / SpectreRSB mitigation: Filling RSB on context switch
[    0.032002] Speculative Store Bypass: Vulnerable
[    0.033111] SRBDS: Unknown: Dependent on hypervisor status
[    0.034371] MDS: Vulnerable: Clear CPU buffers attempted, no microcode
[    0.047658] Freeing SMP alternatives memory: 36K
[    0.158906] smpboot: CPU0: Intel(R) Core(TM) i7-4770 CPU @ 3.40GHz (family: 0x6, model: 0x3c, stepping: 0x3)
[    0.160000] Performance Events: unsupported p6 CPU model 60 no PMU driver, software events only.
[    0.160085] Hierarchical SRCU implementation.
[    0.161853] NMI watchdog: Perf event create on CPU 0 failed with -2
[    0.164002] NMI watchdog: Perf NMI watchdog permanently disabled
[    0.165584] smp: Bringing up secondary CPUs ...
[    0.166797] smp: Brought up 1 node, 1 CPU
[    0.168002] smpboot: Max logical packages: 1
[    0.169278] smpboot: Total of 1 processors activated (6796.07 BogoMIPS)
[    0.170950] devtmpfs: initialized
[    0.172090] x86/mm: Memory block size: 128MB
[    0.173384] evm: security.selinux
[    0.174482] evm: security.SMACK64
[    0.175311] evm: security.SMACK64EXEC
[    0.176003] evm: security.SMACK64TRANSMUTE
[    0.177014] evm: security.SMACK64MMAP
[    0.177960] evm: security.apparmor
[    0.178796] evm: security.ima
[    0.179594] evm: security.capability
[    0.180227] clocksource: jiffies: mask: 0xffffffff max_cycles: 0xffffffff, max_idle_ns: 7645041785100000 ns
[    0.182422] futex hash table entries: 256 (order: 2, 16384 bytes)
[    0.184049] pinctrl core: initialized pinctrl subsystem
[    0.185593] RTC time: 14:50:54, date: 12/18/20
[    0.186782] NET: Registered protocol family 16
[    0.188175] audit: initializing netlink subsys (disabled)
[    0.189631] cpuidle: using governor ladder
[    0.190643] cpuidle: using governor menu
[    0.192089] ACPI: bus type PCI registered
[    0.193089] acpiphp: ACPI Hot Plug PCI Controller Driver version: 0.5
[    0.194652] PCI: Using configuration type 1 for base access
[    0.196000] audit: type=2000 audit(1608303060.745:1): state=initialized audit_enabled=0 res=1
[    0.200055] HugeTLB registered 2.00 MiB page size, pre-allocated 0 pages
[    0.202106] ACPI: Added _OSI(Module Device)
[    0.203095] ACPI: Added _OSI(Processor Device)
[    0.204004] ACPI: Added _OSI(3.0 _SCP Extensions)
[    0.205091] ACPI: Added _OSI(Processor Aggregator Device)
[    0.206357] ACPI: Added _OSI(Linux-Dell-Video)
[    0.208029] ACPI: Added _OSI(Linux-Lenovo-NV-HDMI-Audio)
[    0.209570] ACPI: Added _OSI(Linux-HPI-Hybrid-Graphics)
[    0.211211] ACPI: Executed 1 blocks of module-level executable AML code
[    0.224203] ACPI: Interpreter enabled
[    0.225231] ACPI: (supports S0 S5)
[    0.226212] ACPI: Using IOAPIC for interrupt routing
[    0.228021] PCI: Using host bridge windows from ACPI; if necessary, use "pci=nocrs" and report a bug
[    0.230683] ACPI: Enabled 2 GPEs in block 00 to 07
[    0.248614] ACPI: PCI Root Bridge [PCI0] (domain 0000 [bus 00-ff])
[    0.250212] acpi PNP0A03:00: _OSC: OS supports [ASPM ClockPM Segments MSI]
[    0.253458] acpi PNP0A03:00: _OSC: not requesting OS control; OS requires [ExtendedConfig ASPM ClockPM MSI]
[    0.255991] acpi PNP0A03:00: fail to add MMCONFIG information, can't access extended PCI configuration space under this bridge.
[    0.256637] PCI host bridge to bus 0000:00
[    0.260008] pci_bus 0000:00: root bus resource [io  0x0000-0x0cf7 window]
[    0.261913] pci_bus 0000:00: root bus resource [io  0x0d00-0xffff window]
[    0.264007] pci_bus 0000:00: root bus resource [mem 0x000a0000-0x000bffff window]
[    0.265882] pci_bus 0000:00: root bus resource [mem 0x20000000-0xfdffffff window]
[    0.267844] pci_bus 0000:00: root bus resource [bus 00-ff]
[    0.273613] pci 0000:00:01.1: legacy IDE quirk: reg 0x10: [io  0x01f0-0x01f7]
[    0.275364] pci 0000:00:01.1: legacy IDE quirk: reg 0x14: [io  0x03f6]
[    0.276003] pci 0000:00:01.1: legacy IDE quirk: reg 0x18: [io  0x0170-0x0177]
[    0.278974] pci 0000:00:01.1: legacy IDE quirk: reg 0x1c: [io  0x0376]
[    0.292491] pci 0000:00:07.0: quirk: [io  0x4000-0x403f] claimed by PIIX4 ACPI
[    0.294340] pci 0000:00:07.0: quirk: [io  0x4100-0x410f] claimed by PIIX4 SMB
[    0.301624] ACPI: PCI Interrupt Link [LNKA] (IRQs 5 9 10 *11)
[    0.304232] ACPI: PCI Interrupt Link [LNKB] (IRQs 5 9 *10 11)
[    0.305843] ACPI: PCI Interrupt Link [LNKC] (IRQs 5 *9 10 11)
[    0.307498] ACPI: PCI Interrupt Link [LNKD] (IRQs 5 9 10 *11)
[    0.308491] SCSI subsystem initialized
[    0.309587] pci 0000:00:02.0: vgaarb: setting as boot VGA device
[    0.311065] pci 0000:00:02.0: vgaarb: VGA device added: decodes=io+mem,owns=io+mem,locks=none
[    0.312005] pci 0000:00:02.0: vgaarb: bridge control possible
[    0.313379] vgaarb: loaded
[    0.316033] ACPI: bus type USB registered
[    0.317134] usbcore: registered new interface driver usbfs
[    0.318672] usbcore: registered new interface driver hub
[    0.320018] usbcore: registered new device driver usb
[    0.321480] EDAC MC: Ver: 3.0.0
[    0.322724] PCI: Using ACPI for IRQ routing
[    0.324333] NetLabel: Initializing
[    0.325286] NetLabel:  domain hash size = 128
[    0.326367] NetLabel:  protocols = UNLABELED CIPSOv4 CALIPSO
[    0.328027] NetLabel:  unlabeled traffic allowed by default
[    0.329603] clocksource: Switched to clocksource kvm-clock
[    0.391624] VFS: Disk quotas dquot_6.6.0
[    0.392771] VFS: Dquot-cache hash table entries: 512 (order 0, 4096 bytes)
[    0.394597] AppArmor: AppArmor Filesystem Enabled
[    0.395848] pnp: PnP ACPI init
[    0.399112] pnp: PnP ACPI: found 3 devices
[    0.406698] clocksource: acpi_pm: mask: 0xffffff max_cycles: 0xffffff, max_idle_ns: 2085701024 ns
[    0.409390] NET: Registered protocol family 2
[    0.410736] TCP established hash table entries: 4096 (order: 3, 32768 bytes)
[    0.412541] TCP bind hash table entries: 4096 (order: 4, 65536 bytes)
[    0.414272] TCP: Hash tables configured (established 4096 bind 4096)
[    0.416050] UDP hash table entries: 256 (order: 1, 8192 bytes)
[    0.417771] UDP-Lite hash table entries: 256 (order: 1, 8192 bytes)
[    0.419460] NET: Registered protocol family 1
[    0.420629] pci 0000:00:00.0: Limiting direct PCI/PCI transfers
[    0.422151] pci 0000:00:01.0: Activating ISA DMA hang workarounds
[    0.423745] pci 0000:00:02.0: Video device with shadowed ROM at [mem 0x000c0000-0x000dffff]
[    0.426168] Unpacking initramfs...
[    1.450409] Freeing initrd memory: 19752K
[    1.451897] clocksource: tsc: mask: 0xffffffffffffffff max_cycles: 0x30fb0fe0713, max_idle_ns: 440795377447 ns
[    1.454962] platform rtc_cmos: registered platform RTC device (no PNP device found)
[    1.457178] Scanning for low memory corruption every 60 seconds
[    1.459926] Initialise system trusted keyrings
[    1.461371] Key type blacklist registered
[    1.462782] workingset: timestamp_bits=36 max_order=17 bucket_order=0
[    1.468397] zbud: loaded
[    1.470283] squashfs: version 4.0 (2009/01/31) Phillip Lougher
[    1.472056] fuse init (API version 7.26)
[    1.475799] Key type asymmetric registered
[    1.477192] Asymmetric key parser 'x509' registered
[    1.478781] Block layer SCSI generic (bsg) driver version 0.4 loaded (major 246)
[    1.481237] io scheduler noop registered
[    1.482513] io scheduler deadline registered
[    1.484069] io scheduler cfq registered (default)
[    1.486304] ACPI: AC Adapter [AC] (on-line)
[    1.487773] input: Power Button as /devices/LNXSYSTM:00/LNXPWRBN:00/input/input0
[    1.489774] ACPI: Power Button [PWRF]
[    1.491043] input: Sleep Button as /devices/LNXSYSTM:00/LNXSLPBN:00/input/input1
[    1.493127] ACPI: Sleep Button [SLPF]
[    1.494539] Serial: 8250/16550 driver, 32 ports, IRQ sharing enabled
[    1.517422] 00:02: ttyS0 at I/O 0x3f8 (irq = 4, base_baud = 115200) is a 16550A
[    1.522581] Linux agpgart interface v0.103
[    1.525890] loop: module loaded
[    1.527607] scsi host0: ata_piix
[    1.528700] scsi host1: ata_piix
[    1.529624] ata1: PATA max UDMA/33 cmd 0x1f0 ctl 0x3f6 bmdma 0xd000 irq 14
[    1.531374] ata2: PATA max UDMA/33 cmd 0x170 ctl 0x376 bmdma 0xd008 irq 15
[    1.533898] libphy: Fixed MDIO Bus: probed
[    1.535426] tun: Universal TUN/TAP device driver, 1.6
[    1.537082] PPP generic driver version 2.4.2
[    1.538253] ehci_hcd: USB 2.0 'Enhanced' Host Controller (EHCI) Driver
[    1.539857] ehci-pci: EHCI PCI platform driver
[    1.541079] ehci-platform: EHCI generic platform driver
[    1.542376] ohci_hcd: USB 1.1 'Open' Host Controller (OHCI) Driver
[    1.543869] ohci-pci: OHCI PCI platform driver
[    1.545352] ohci-platform: OHCI generic platform driver
[    1.546799] uhci_hcd: USB Universal Host Controller Interface driver
[    1.548509] i8042: PNP: PS/2 Controller [PNP0303:PS2K,PNP0f03:PS2M] at 0x60,0x64 irq 1,12
[    1.551675] serio: i8042 KBD port at 0x60,0x64 irq 1
[    1.553248] serio: i8042 AUX port at 0x60,0x64 irq 12
[    1.554894] mousedev: PS/2 mouse device common for all mice
[    1.557105] input: AT Translated Set 2 keyboard as /devices/platform/i8042/serio0/input/input2
[    1.560297] rtc_cmos rtc_cmos: rtc core: registered rtc_cmos as rtc0
[    1.562248] rtc_cmos rtc_cmos: alarms up to one day, 114 bytes nvram
[    1.564054] i2c /dev entries driver
[    1.565909] device-mapper: uevent: version 1.0.3
[    1.567554] device-mapper: ioctl: 4.37.0-ioctl (2017-09-20) initialised: dm-devel@redhat.com
[    1.570315] ledtrig-cpu: registered to indicate activity on CPUs
[    1.572849] NET: Registered protocol family 10
[    1.579664] Segment Routing with IPv6
[    1.580944] NET: Registered protocol family 17
[    1.582301] Key type dns_resolver registered
[    1.583713] mce: Using 0 MCE banks
[    1.585323] RAS: Correctable Errors collector initialized.
[    1.586892] sched_clock: Marking stable (1585161435, 0)->(1861469653, -276308218)
[    1.589376] registered taskstats version 1
[    1.590605] Loading compiled-in X.509 certificates
[    1.595970] Loaded X.509 cert 'Build time autogenerated kernel key: a4ed3776674b1fc76878248053bb1a15dcee1c82'
[    1.598499] zswap: loaded using pool lzo/zbud
[    1.604034] Key type big_key registered
[    1.605382] Key type trusted registered
[    1.608740] Key type encrypted registered
[    1.609829] AppArmor: AppArmor sha1 policy hashing enabled
[    1.611145] ima: No TPM chip found, activating TPM-bypass! (rc=-19)
[    1.612683] ima: Allocated hash algorithm: sha1
[    1.613822] evm: HMAC attrs: 0x1
[    1.614961]   Magic number: 0:662:839
[    1.615971] rtc_cmos rtc_cmos: setting system clock to 2020-12-18 14:50:55 UTC (1608303055)
[    1.618534] BIOS EDD facility v0.16 2004-Jun-25, 0 devices found
[    1.620275] EDD information not available.
[    1.705780] Freeing unused kernel image memory: 2440K
[    1.712213] Write protecting the kernel read-only data: 20480k
[    1.714768] Freeing unused kernel image memory: 2008K
[    1.716468] Freeing unused kernel image memory: 1880K
[    1.748296] x86/mm: Checked W+X mappings: passed, no W+X pages found.
[    1.749819] x86/mm: Checking user space page tables
[    1.780718] x86/mm: Checked W+X mappings: passed, no W+X pages found.
Loading, please wait...
starting version 237
[    1.968597] Fusion MPT base driver 3.04.20
[    1.969764] Copyright (c) 1999-2008 LSI Corporation
[    1.973850] e1000: Intel(R) PRO/1000 Network Driver - version 7.3.21-k8-NAPI
[    1.975722] e1000: Copyright (c) 1999-2006 Intel Corporation.
[    2.017779] Fusion MPT SPI Host driver 3.04.20
[    2.061403] AVX2 version of gcm_enc/dec engaged.
[    2.062599] AES CTR mode by8 optimization enabled
[    2.194953] input: ImExPS/2 Generic Explorer Mouse as /devices/platform/i8042/serio1/input/input4
[    2.516939] e1000 0000:00:03.0 eth0: (PCI:33MHz:32-bit) 02:7d:29:b6:4b:3c
[    2.518923] e1000 0000:00:03.0 eth0: Intel(R) PRO/1000 Network Connection
[    2.524880] e1000 0000:00:03.0 enp0s3: renamed from eth0
[    2.527944] mptbase: ioc0: Initiating bringup
[    2.625029] ioc0: LSI53C1030 A0: Capabilities={Initiator}
[    2.866206] scsi host2: ioc0: LSI53C1030 A0, FwRev=00000000h, Ports=1, MaxQ=256, IRQ=20
[    3.036986] scsi 2:0:0:0: Direct-Access     VBOX     HARDDISK         1.0  PQ: 0 ANSI: 5
[    3.039531] scsi target2:0:0: Beginning Domain Validation
[    3.042264] random: fast init done
[    3.043392] scsi target2:0:0: Domain Validation skipping write tests
[    3.045034] scsi target2:0:0: Ending Domain Validation
[    3.046538] scsi target2:0:0: asynchronous
[    3.048151] scsi 2:0:1:0: Direct-Access     VBOX     HARDDISK         1.0  PQ: 0 ANSI: 5
[    3.050293] scsi target2:0:1: Beginning Domain Validation
[    3.053082] scsi target2:0:1: Domain Validation skipping write tests
[    3.055052] scsi target2:0:1: Ending Domain Validation
[    3.056873] scsi target2:0:1: asynchronous
[    3.064212] random: systemd-udevd: uninitialized urandom read (16 bytes read)
[    3.066323] random: systemd-udevd: uninitialized urandom read (16 bytes read)
[    3.069108] sd 2:0:0:0: [sda] 20971520 512-byte logical blocks: (10.7 GB/10.0 GiB)
[    3.071629] sd 2:0:0:0: [sda] Write Protect is off
[    3.073935] sd 2:0:0:0: Attached scsi generic sg0 type 0
[    3.075690] random: systemd-udevd: uninitialized urandom read (16 bytes read)
[    3.077954] sd 2:0:0:0: [sda] Incomplete mode parameter data
[    3.079337] sd 2:0:0:0: [sda] Assuming drive cache: write through
[    3.081086] sd 2:0:1:0: [sdb] 20480 512-byte logical blocks: (10.5 MB/10.0 MiB)
[    3.083205] sd 2:0:1:0: [sdb] Write Protect is off
[    3.084694] sd 2:0:1:0: Attached scsi generic sg1 type 0
[    3.087094] sd 2:0:1:0: [sdb] Incomplete mode parameter data
[    3.088708] sd 2:0:1:0: [sdb] Assuming drive cache: write through
[    3.091982]  sda: sda1
[    3.096292] sd 2:0:0:0: [sda] Attached SCSI disk
[    3.098115] sd 2:0:1:0: [sdb] Attached SCSI disk
Begin: Loading essential drivers ... [    5.024111] raid6: sse2x1   gen()  2886 MB/s
[    5.072164] raid6: sse2x1   xor()  1894 MB/s
[    5.120480] raid6: sse2x2   gen()  6791 MB/s
[    5.168341] raid6: sse2x2   xor()  3180 MB/s
[    5.216712] raid6: sse2x4   gen()  7572 MB/s
[    5.264074] raid6: sse2x4   xor()  4584 MB/s
[    5.312138] raid6: avx2x1   gen()  6115 MB/s
[    5.360054] raid6: avx2x1   xor()  3328 MB/s
[    5.408372] raid6: avx2x2   gen() 11605 MB/s
[    5.456513] raid6: avx2x2   xor()  5960 MB/s
[    5.504128] raid6: avx2x4   gen() 13396 MB/s
[    5.552289] raid6: avx2x4   xor()  8542 MB/s
[    5.553363] raid6: using algorithm avx2x4 gen() 13396 MB/s
[    5.554685] raid6: .... xor() 8542 MB/s, rmw enabled
[    5.555978] raid6: using avx2x2 recovery algorithm
[    5.559596] xor: automatically using best checksumming function   avx       
[    5.563521] async_tx: api initialized (async)
done.
Begin: Running /scripts/init-premount ... done.
Begin: Mounting root file system ... Begin: Running /scripts/local-top ... done.
Begin: Running /scripts/local-premount ... [    5.654087] Btrfs loaded, crc32c=crc32c-intel
Scanning for Btrfs filesystems
done.
Warning: fsck not present, so skipping root file system
[    5.692300] EXT4-fs (sda1): INFO: recovery required on readonly filesystem
[    5.694137] EXT4-fs (sda1): write access will be enabled during recovery
[    5.751024] EXT4-fs (sda1): recovery complete
[    5.753404] EXT4-fs (sda1): mounted filesystem with ordered data mode. Opts: (null)
done.
Begin: Running /scripts/local-bottom ... done.
Begin: Running /scripts/init-bottom ... done.
[    5.982377] ip_tables: (C) 2000-2006 Netfilter Core Team
[    5.995567] systemd[1]: systemd 237 running in system mode. (+PAM +AUDIT +SELINUX +IMA +APPARMOR +SMACK +SYSVINIT +UTMP +LIBCRYPTSETUP +GCRYPT +GNUTLS +ACL +XZ +LZ4 +SECCOMP +BLKID +ELFUTILS +KMOD -IDN2 +IDN -PCRE2 default-hierarchy=hybrid)
[    6.000797] systemd[1]: Detected virtualization oracle.
[    6.002046] systemd[1]: Detected architecture x86-64.

Welcome to [1mUbuntu 18.04.5 LTS[0m!

[    6.006998] systemd[1]: Set hostname to <ubuntu-bionic>.
[    6.377874] systemd[1]: Set up automount Arbitrary Executable File Formats File System Automount Point.
[[0;32m  OK  [0m] Set up automount Arbitrary Executabâ€¦rmats File System Automount Point.
[    6.381609] systemd[1]: Started Forward Password Requests to Wall Directory Watch.
[[0;32m  OK  [0m] Started Forward Password Requests to Wall Directory Watch.
[    6.385750] systemd[1]: Created slice System Slice.
[[0;32m  OK  [0m] Created slice System Slice.
[    6.388089] systemd[1]: Listening on udev Kernel Socket.
[[0;32m  OK  [0m] Listening on udev Kernel Socket.
[    6.390524] systemd[1]: Listening on udev Control Socket.
[[0;32m  OK  [0m] Listening on udev Control Socket.
[    6.393141] systemd[1]: Listening on Journal Socket (/dev/log).
[[0;32m  OK  [0m] Listening on Journal Socket (/dev/log).
[[0;32m  OK  [0m] Listening on LVM2 poll daemon socket.
[[0;32m  OK  [0m] Listening on Device-mapper event daemon FIFOs.
[[0;32m  OK  [0m] Created slice User and Session Slice.
[[0;32m  OK  [0m] Reached target Slices.
[[0;32m  OK  [0m] Reached target System Time Synchronized.
[[0;32m  OK  [0m] Listening on LVM2 metadata daemon socket.
[[0;32m  OK  [0m] Listening on /dev/initctl Compatibility Named Pipe.
[[0;32m  OK  [0m] Reached target User and Group Name Lookups.
[[0;32m  OK  [0m] Listening on Journal Socket.
         Starting Create list of required stâ€¦ce nodes for the current kernel...
         Starting Remount Root and Kernel File Systems...
         Mounting POSIX Message Queue File System...
         Starting Uncomplicated firewall...
         Starting udev Coldplug all Devices...
         Mounting Kernel Debug File System...
         Starting Monitoring of LVM2 mirrorsâ€¦ng dmeventd or progress polling...
         Mounting Huge Pages File System...
         Starting Set the console keyboard layout...
         Starting Load Kernel Modules...
[[0;32m  OK  [0m] Listening on Journal Audit Socket.
[[0;32m  OK  [0m] Created slice system-postgresql.slice.
[[0;32m  OK  [0m] Listening on Syslog Socket.
         Starting Journal Service...
[[0;32m  OK  [0m] Reached target Swap.
[[0;32m  OK  [0m] Listening on Network Service Netlink Socket.
[[0;32m  OK  [0m] Created slice system-serial\x2dgetty.slice.
[[0;32m  OK  [0m] Started Uncomplicated firewall.
[[0;32m  OK  [0m] Started Create list of required staâ€¦vice nodes for the current kernel.
         Starting Create Static Device Nodes in /dev...
[[0;32m  OK  [0m] Mounted Huge Pages File System.
[[0;32m  OK  [0m] Mounted Kernel Debug File System.
[[0;32m  OK  [0m] Mounted POSIX Message Queue File System.
[    6.635002] Loading iSCSI transport class v2.0-870.
[    6.715126] EXT4-fs (sda1): re-mounted. Opts: (null)
[[0;32m  OK  [0m] Started Remount Root and Kernel File Systems.
[    6.729737] iscsi: registered transport (tcp)
[[0;32m  OK  [0m] Started Create Static Device Nodes in /dev.
         Starting udev Kernel Device Manager...
         Starting Load/Save Random Seed...
[[0;32m  OK  [0m] Started udev Coldplug all Devices.
[[0;32m  OK  [0m] Started Load/Save Random Seed.
[[0;32m  OK  [0m] Started udev Kernel Device Manager.
[    6.912367] iscsi: registered transport (iser)
[[0;32m  OK  [0m] Started Load Kernel Modules.
         Mounting FUSE Control File System...
         Starting Apply Kernel Variables...
         Mounting Kernel Configuration File System...
[[0;32m  OK  [0m] Mounted FUSE Control File System.
[[0;32m  OK  [0m] Mounted Kernel Configuration File System.
[[0;32m  OK  [0m] Started Journal Service.
         Starting Flush Journal to Persistent Storage...
[[0;32m  OK  [0m] Started Apply Kernel Variables.
[[0;32m  OK  [0m] Started LVM2 metadata daemon.
[[0;32m  OK  [0m] Started Monitoring of LVM2 mirrors,â€¦sing dmeventd or progress polling.
[[0;32m  OK  [0m] Started Flush Journal to Persistent Storage.
[[0;32m  OK  [0m] Started Set the console keyboard layout.
[[0;32m  OK  [0m] Started Dispatch Password Requests to Console Directory Watch.
[[0;32m  OK  [0m] Reached target Local Encrypted Volumes.
[[0;32m  OK  [0m] Reached target Local File Systems (Pre).
[[0;32m  OK  [0m] Reached target Local File Systems.
         Starting Create Volatile Files and Directories...
         Starting Set console font and keymap...
         Starting ebtables ruleset management...
         Starting AppArmor initialization...
         Starting Tell Plymouth To Write Out Runtime Data...
[[0;32m  OK  [0m] Started Set console font and keymap.
[[0;32m  OK  [0m] Started Tell Plymouth To Write Out Runtime Data.
[[0;32m  OK  [0m] Started Create Volatile Files and Directories.
         Starting Update UTMP about System Boot/Shutdown...
[[0;32m  OK  [0m] Started Update UTMP about System Boot/Shutdown.
[[0;32m  OK  [0m] Started ebtables ruleset management.
[[0;32m  OK  [0m] Started AppArmor initialization.
         Starting Load AppArmor profiles managed internally by snapd...
         Starting Initial cloud-init job (pre-networking)...
[[0;32m  OK  [0m] Started Load AppArmor profiles managed internally by snapd.
[[0;32m  OK  [0m] Found device /dev/ttyS0.
[[0;32m  OK  [0m] Listening on Load/Save RF Kill Switch Status /dev/rfkill Watch.
[   10.457704] cloud-init[531]: Cloud-init v. 20.3-2-g371b392c-0ubuntu1~18.04.1 running 'init-local' at Fri, 18 Dec 2020 14:51:03 +0000. Up 10.08 seconds.
[[0;32m  OK  [0m] Started Initial cloud-init job (pre-networking).
[[0;32m  OK  [0m] Reached target Network (Pre).
         Starting Network Service...
[[0;32m  OK  [0m] Started Network Service.
         Starting Network Name Resolution...
         Starting Wait for Network to be Configured...
[[0;32m  OK  [0m] Started Network Name Resolution.
[[0;32m  OK  [0m] Reached target Network.
[[0;32m  OK  [0m] Reached target Host and Network Name Lookups.
[[0;32m  OK  [0m] Started Wait for Network to be Configured.
         Starting Initial cloud-init job (metadata service crawler)...
[   13.078173] cloud-init[668]: Cloud-init v. 20.3-2-g371b392c-0ubuntu1~18.04.1 running 'init' at Fri, 18 Dec 2020 14:51:06 +0000. Up 12.76 seconds.
[   13.084328] cloud-init[668]: ci-info: ++++++++++++++++++++++++++++++++++++++Net device info++++++++++++++++++++++++++++++++++++++
[   13.089548] cloud-init[668]: ci-info: +--------+------+----------------------------+---------------+--------+-------------------+
[   13.094018] cloud-init[668]: ci-info: | Device |  Up  |          Address           |      Mask     | Scope  |     Hw-Address    |
[   13.098662] cloud-init[668]: ci-info: +--------+------+----------------------------+---------------+--------+-------------------+
[   13.105613] cloud-init[668]: ci-info: | enp0s3 | True |         10.0.2.15          | 255.255.255.0 | global | 02:7d:29:b6:4b:3c |
[   13.108985] cloud-init[668]: ci-info: | enp0s3 | True | fe80::7d:29ff:feb6:4b3c/64 |       .       |  link  | 02:7d:29:b6:4b:3c |
[   13.113133] cloud-init[668]: ci-info: |   lo   | True |         127.0.0.1          |   255.0.0.0   |  host  |         .         |
[   13.118460] cloud-init[668]: ci-info: |   lo   | True |          ::1/128           |       .       |  host  |         .         |
[   13.121217] cloud-init[668]: ci-info: +--------+------+----------------------------+---------------+--------+-------------------+
[   13.129131] cloud-init[668]: ci-info: ++++++++++++++++++++++++++++Route IPv4 info+++++++++++++++++++++++++++++
[   13.134387] cloud-init[668]: ci-info: +-------+-------------+----------+-----------------+-----------+-------+
[   13.140487] cloud-init[668]: ci-info: | Route | Destination | Gateway  |     Genmask     | Interface | Flags |
[   13.142440] cloud-init[668]: ci-info: +-------+-------------+----------+-----------------+-----------+-------+
[   13.148400] cloud-init[668]: ci-info: |   0   |   0.0.0.0   | 10.0.2.2 |     0.0.0.0     |   enp0s3  |   UG  |
[   13.150369] cloud-init[668]: ci-info: |   1   |   10.0.2.0  | 0.0.0.0  |  255.255.255.0  |   enp0s3  |   U   |
[   13.155039] cloud-init[668]: ci-info: |   2   |   10.0.2.2  | 0.0.0.0  | 255.255.255.255 |   enp0s3  |   UH  |
[   13.159853] cloud-init[668]: ci-info: +-------+-------------+----------+-----------------+-----------+-------+
[   13.164376] cloud-init[668]: ci-info: +++++++++++++++++++Route IPv6 info+++++++++++++++++++
[   13.168290] cloud-init[668]: ci-info: +-------+-------------+---------+-----------+-------+
[   13.171948] cloud-init[668]: ci-info: | Route | Destination | Gateway | Interface | Flags |
[   13.176260] cloud-init[668]: ci-info: +-------+-------------+---------+-----------+-------+
[   13.178063] cloud-init[668]: ci-info: |   1   |  fe80::/64  |    ::   |   enp0s3  |   U   |
[   13.181867] cloud-init[668]: ci-info: |   3   |    local    |    ::   |   enp0s3  |   U   |
[   13.185890] cloud-init[668]: ci-info: |   4   |   ff00::/8  |    ::   |   enp0s3  |   U   |
[   13.191113] cloud-init[668]: ci-info: +-------+-------------+---------+-----------+-------+
[[0;32m  OK  [0m] Started Initial cloud-init job (metadata service crawler).
[[0;32m  OK  [0m] Reached target System Initialization.
[[0;32m  OK  [0m] Started Message of the Day.
[[0;32m  OK  [0m] Listening on ACPID Listen Socket.
[[0;32m  OK  [0m] Listening on D-Bus System Message Bus Socket.
[[0;32m  OK  [0m] Started Daily apt download activities.
[[0;32m  OK  [0m] Started Daily apt upgrade and clean activities.
[[0;32m  OK  [0m] Started ACPI Events Check.
[[0;32m  OK  [0m] Listening on Open-iSCSI iscsid Socket.
[[0;32m  OK  [0m] Reached target Paths.
[[0;32m  OK  [0m] Started Discard unused blocks once a week.
[[0;32m  OK  [0m] Listening on UUID daemon activation socket.
         Starting LXD - unix socket.
         Starting Socket activation for snappy daemon.
[[0;32m  OK  [0m] Started Daily Cleanup of Temporary Directories.
[[0;32m  OK  [0m] Reached target Timers.
[[0;32m  OK  [0m] Reached target Network is Online.
[[0;32m  OK  [0m] Reached target Remote File Systems (Pre).
[[0;32m  OK  [0m] Reached target Remote File Systems.
         Starting Availability of block devices...
[[0;32m  OK  [0m] Reached target Cloud-config availability.
[[0;32m  OK  [0m] Listening on LXD - unix socket.
[[0;32m  OK  [0m] Listening on Socket activation for snappy daemon.
[[0;32m  OK  [0m] Started Availability of block devices.
[[0;32m  OK  [0m] Reached target Sockets.
[[0;32m  OK  [0m] Reached target Basic System.
[[0;32m  OK  [0m] Started Deferred execution scheduler.
         Starting LSB: Record successful boot for GRUB...
         Starting OpenBSD Secure Shell server...
         Starting Permit User Sessions...
         Starting Message of the Day...
         Starting Login Service...
         Starting LXD - container startup/shutdown...
         Starting Accounts Service...
[[0;32m  OK  [0m] Started Regular background program processing daemon.
[[0;32m  OK  [0m] Started D-Bus System Message Bus.
[[0;32m  OK  [0m] Started Login Service.
[[0;32m  OK  [0m] Started irqbalance daemon.
         Starting System Logging Service...
         Starting Resets System Activity Data Collector...
         Starting Snap Daemon...
         Starting LSB: automatic crash report generation...
[[0;32m  OK  [0m] Started Unattended Upgrades Shutdown.
         Starting PostgreSQL Cluster 12-main...
[[0;32m  OK  [0m] Started FUSE filesystem for LXC.
         Starting Virtualbox guest utils...
         Starting Dispatcher daemon for systemd-networkd...
[[0;32m  OK  [0m] Started System Logging Service.
[[0;32m  OK  [0m] Started Permit User Sessions.
[[0;32m  OK  [0m] Started LXD - container startup/shutdown.
[[0;32m  OK  [0m] Started Resets System Activity Data Collector.
         Starting Hold until boot process finishes up...
         Starting Terminate Plymouth Boot Screen...
[[0;32m  OK  [0m] Started Hold until boot process finishes up.
         Starting Set console scheme...
[[0;32m  OK  [0m] Started Serial Getty on ttyS0.
[[0;32m  OK  [0m] Started Terminate Plymouth Boot Screen.
[[0;32m  OK  [0m] Started Set console scheme.
         Starting Authorization Manager...
[[0;32m  OK  [0m] Created slice system-getty.slice.
[[0;32m  OK  [0m] Started Getty on tty1.
[[0;32m  OK  [0m] Reached target Login Prompts.
[[0;32m  OK  [0m] Started OpenBSD Secure Shell server.
[[0;32m  OK  [0m] Started Authorization Manager.
[[0;32m  OK  [0m] Started Accounts Service.
[[0;32m  OK  [0m] Started LSB: Record successful boot for GRUB.
[[0;32m  OK  [0m] Started LSB: automatic crash report generation.
[[0;32m  OK  [0m] Started Virtualbox guest utils.
[[0;32m  OK  [0m] Started Dispatcher daemon for systemd-networkd.
[[0;32m  OK  [0m] Started Snap Daemon.
         Starting Wait until snapd is fully seeded...
[[0;32m  OK  [0m] Started Wait until snapd is fully seeded.
         Starting Apply the settings specified in cloud-config...
[[0;32m  OK  [0m] Started Message of the Day.
[   22.821891] cloud-init[957]: Cloud-init v. 20.3-2-g371b392c-0ubuntu1~18.04.1 running 'modules:config' at Fri, 18 Dec 2020 14:51:16 +0000. Up 22.63 seconds.
[[0;32m  OK  [0m] Started Apply the settings specified in cloud-config.
[[0;32m  OK  [0m] Started PostgreSQL Cluster 12-main.
         Starting PostgreSQL RDBMS...
[[0;32m  OK  [0m] Started PostgreSQL RDBMS.
[[0;32m  OK  [0m] Reached target Multi-User System.
         Starting Execute cloud user/final scripts...
[[0;32m  OK  [0m] Reached target Graphical Interface.
         Starting Update UTMP about System Runlevel Changes...
[[0;32m  OK  [0m] Started Update UTMP about System Runlevel Changes.

Ubuntu 18.04.5 LTS ubuntu-bionic ttyS0

ubuntu-bionic login: [   24.204496] cloud-init[1052]: Cloud-init v. 20.3-2-g371b392c-0ubuntu1~18.04.1 running 'modules:final' at Fri, 18 Dec 2020 14:51:17 +0000. Up 23.98 seconds.
[   24.206850] cloud-init[1052]: Cloud-init v. 20.3-2-g371b392c-0ubuntu1~18.04.1 finished at Fri, 18 Dec 2020 14:51:18 +0000. Datasource DataSourceNoCloud [seed=/dev/sdb][dsmode=net].  Up 24.18 seconds
